../Drivers/SCSLib/Src/SCS.c:25:6:Host2SCS	0	static
../Drivers/SCSLib/Src/SCS.c:38:5:SCS2Host	0	static
../Drivers/SCSLib/Src/SCS.c:53:6:writeBuf	48	static
../Drivers/SCSLib/Src/SCS.c:115:6:syncWrite	48	static
../Drivers/SCSLib/Src/SCS.c:258:5:checkHead	24	static
../Drivers/SCSLib/Src/SCS.c:168:5:Read	40	static
../Drivers/SCSLib/Src/SCS.c:204:5:readByte	16	static
../Drivers/SCSLib/Src/SCS.c:216:5:readWord	16	static
../Drivers/SCSLib/Src/SCS.c:229:5:Ping	24	static
../Drivers/SCSLib/Src/SCS.c:281:5:Ack	16	static
../Drivers/SCSLib/Src/SCS.c:86:5:genWrite	32	static
../Drivers/SCSLib/Src/SCS.c:96:5:regWrite	32	static
../Drivers/SCSLib/Src/SCS.c:105:5:regAction	16	static
../Drivers/SCSLib/Src/SCS.c:148:5:writeByte	32	static
../Drivers/SCSLib/Src/SCS.c:156:5:writeWord	32	static
../Drivers/SCSLib/Src/SCS.c:308:5:syncReadPacketTx	24	static
../Drivers/SCSLib/Src/SCS.c:334:6:syncReadBegin	8	static
../Drivers/SCSLib/Src/SCS.c:341:6:syncReadEnd	8	static
../Drivers/SCSLib/Src/SCS.c:349:5:syncReadPacketRx	32	static
../Drivers/SCSLib/Src/SCS.c:386:5:syncReadRxPacketToByte	0	static
../Drivers/SCSLib/Src/SCS.c:394:5:syncReadRxPacketToWrod	8	static
