../Drivers/SCSLib/Src/SMS_STS.c:16:5:getErr	0	static
../Drivers/SCSLib/Src/SMS_STS.c:21:5:WritePosEx	24	static
../Drivers/SCSLib/Src/SMS_STS.c:37:5:RegWritePosEx	24	static
../Drivers/SCSLib/Src/SMS_STS.c:53:6:RegWriteAction	0	static
../Drivers/SCSLib/Src/SMS_STS.c:58:6:SyncWritePosEx	272	static
../Drivers/SCSLib/Src/SMS_STS.c:86:5:WheelMode	0	static
../Drivers/SCSLib/Src/SMS_STS.c:91:5:WriteSpe	24	static
../Drivers/SCSLib/Src/SMS_STS.c:107:5:EnableTorque	0	static
../Drivers/SCSLib/Src/SMS_STS.c:112:5:unLockEprom	0	static
../Drivers/SCSLib/Src/SMS_STS.c:117:5:LockEprom	0	static
../Drivers/SCSLib/Src/SMS_STS.c:122:5:CalibrationOfs	0	static
../Drivers/SCSLib/Src/SMS_STS.c:127:5:FeedBack	8	static
../Drivers/SCSLib/Src/SMS_STS.c:138:5:ReadPos	8	static
../Drivers/SCSLib/Src/SMS_STS.c:158:5:ReadSpeed	8	static
../Drivers/SCSLib/Src/SMS_STS.c:179:5:ReadLoad	8	static
../Drivers/SCSLib/Src/SMS_STS.c:199:5:ReadVoltage	8	static
../Drivers/SCSLib/Src/SMS_STS.c:214:5:ReadTemper	8	static
../Drivers/SCSLib/Src/SMS_STS.c:229:5:ReadMove	8	static
../Drivers/SCSLib/Src/SMS_STS.c:244:5:ReadCurrent	8	static
